// Jest Snapshot v1, https://goo.gl/fbAQLP

exports[`renders correctly 1`] = `
<div
  className="instrument-interface__container"
>
  <HeaderModule
    instrumentTitle="AM Synth"
  />
  <div
    className="instrument-interface__main-section"
  >
    <EnvelopeModule
      additionalNesting={Array []}
      dblCol={true}
      envelopeData={
        Object {
          "attack": 0.01,
          "attackCurve": "linear",
          "decay": 0.01,
          "release": 0.5,
          "releaseCurve": "exponential",
          "sustain": 1,
        }
      }
      handleChange={[MockFunction]}
      instrumentId="5542150612118159"
    />
    <OscillatorModule
      additionalNesting={Array []}
      dblCol={true}
      handleChange={[MockFunction]}
      instrumentId="5542150612118159"
      oscillatorData={
        Object {
          "detune": 0,
          "mute": false,
          "phase": 0,
          "type": "triangle",
          "volume": 0,
        }
      }
    />
    <ModulationEnvelopeModule
      additionalNesting={Array []}
      dblCol={true}
      handleChange={[MockFunction]}
      instrumentId="5542150612118159"
      modulationEnvelopeData={
        Object {
          "attack": 0.5,
          "attackCurve": "linear",
          "decay": 0,
          "release": 0.5,
          "releaseCurve": "exponential",
          "sustain": 1,
        }
      }
    />
    <ModulationModule
      additionalNesting={Array []}
      dblCol={true}
      handleChange={[MockFunction]}
      instrumentId="5542150612118159"
      modulationData={
        Object {
          "detune": 0,
          "mute": false,
          "phase": 0,
          "type": "square",
          "volume": 0,
        }
      }
    />
  </div>
  <div
    className="instrument-interface__aside-section"
  >
    <Connect(Dial)
      dataMax={100}
      dataMin={-100}
      dialRange={270}
      dialStartOffset={225}
      snapToStep={true}
      stepSize={0.25}
      updateValueCallback={[Function]}
      value={0}
    >
      <Component />
    </Connect(Dial)>
    <Connect(Dial)
      dataMax={8}
      dataMin={0.25}
      dialRange={270}
      dialStartOffset={225}
      snapToStep={true}
      stepSize={0.25}
      updateValueCallback={[Function]}
      value={3}
    >
      <Component />
    </Connect(Dial)>
    <Connect(Dial)
      dataMax={20}
      dataMin={-80}
      dialRange={270}
      dialStartOffset={225}
      snapToStep={true}
      stepSize={0.25}
      updateValueCallback={[Function]}
      value={0}
    >
      <Component />
    </Connect(Dial)>
  </div>
</div>
`;
