// Jest Snapshot v1, https://goo.gl/fbAQLP

exports[`renders correctly 1`] = `
<div
  className="instrument-interface__module-container"
>
  <h2
    className="instrument-interface__module-heading"
  >
    Filter Envelope
  </h2>
  <ADSRDisplay
    attack={0.06}
    decay={0.2}
    id="filter-envelope-adsr-display"
    release={2}
    sustain={0.5}
  />
  <div
    className="instrument-interface__dial-row"
  >
    <Connect(Dial)
      dataMax={1}
      dataMin={0.005}
      dialRange={270}
      dialStartOffset={225}
      snapToStep={true}
      stepSize={0.005}
      updateValueCallback={[Function]}
      value={0.06}
    >
      <Component />
    </Connect(Dial)>
    <Connect(Dial)
      dataMax={1}
      dataMin={0}
      dialRange={270}
      dialStartOffset={225}
      snapToStep={true}
      stepSize={0.005}
      updateValueCallback={[Function]}
      value={0.2}
    >
      <Component />
    </Connect(Dial)>
    <Connect(Dial)
      dataMax={1}
      dataMin={0}
      dialRange={270}
      dialStartOffset={225}
      snapToStep={true}
      stepSize={0.005}
      updateValueCallback={[Function]}
      value={0.5}
    >
      <Component />
    </Connect(Dial)>
    <Connect(Dial)
      dataMax={1}
      dataMin={0.005}
      dialRange={270}
      dialStartOffset={225}
      snapToStep={true}
      stepSize={0.005}
      updateValueCallback={[Function]}
      value={2}
    >
      <Component />
    </Connect(Dial)>
  </div>
  <div
    className="instrument-interface__dial-row"
  >
    <Connect(Dial)
      dataMax={16000}
      dataMin={40}
      dialRange={270}
      dialStartOffset={225}
      snapToStep={true}
      stepSize={5}
      updateValueCallback={[Function]}
      value={200}
    >
      <Component />
    </Connect(Dial)>
    <Connect(Dial)
      dataMax={10}
      dataMin={1}
      dialRange={270}
      dialStartOffset={225}
      snapToStep={true}
      stepSize={1}
      updateValueCallback={[Function]}
      value={2}
    >
      <Component />
    </Connect(Dial)>
    <Connect(Dial)
      dataMax={10}
      dataMin={0}
      dialRange={270}
      dialStartOffset={225}
      snapToStep={true}
      stepSize={1}
      updateValueCallback={[Function]}
      value={7}
    >
      <Component />
    </Connect(Dial)>
  </div>
</div>
`;
