// Jest Snapshot v1, https://goo.gl/fbAQLP

exports[`renders correctly 1`] = `
<div
  className="instrument-interface__module-container"
>
  <h2
    className="instrument-interface__module-heading"
  >
    Filter
  </h2>
  <EnhancedRangeInput
    handleChange={[MockFunction]}
    identifier="5542150612118159"
    inputId="filter-q"
    label="Q"
    max={20}
    min={0}
    propertyPathArray={
      Array [
        "filter",
        "Q",
      ]
    }
    step={0.5}
    value={6}
  />
  <EnhancedRangeInput
    handleChange={[MockFunction]}
    identifier="5542150612118159"
    inputId="filter-frequency"
    label="Frequency"
    max={16000}
    min={40}
    propertyPathArray={
      Array [
        "filter",
        "frequency",
      ]
    }
    step={5}
    value={350}
  />
  <EnhancedRangeInput
    handleChange={[MockFunction]}
    identifier="5542150612118159"
    inputId="filter-gain"
    label="Gain"
    max={10}
    min={-40}
    propertyPathArray={
      Array [
        "filter",
        "gain",
      ]
    }
    step={0.1}
    value={0}
  />
  <EnhancedSelectInput
    handleChange={[MockFunction]}
    identifier="5542150612118159"
    inputId="filter-rolloff"
    label="Rolloff"
    options={
      Array [
        Object {
          "text": "-12",
          "value": "-12",
        },
        Object {
          "text": "-24",
          "value": "-24",
        },
        Object {
          "text": "-48",
          "value": "-48",
        },
        Object {
          "text": "-96",
          "value": "-96",
        },
      ]
    }
    propertyPathArray={
      Array [
        "filter",
        "rolloff",
      ]
    }
    shouldConvertToFloat={true}
    value="-24"
  />
  <EnhancedSelectInput
    handleChange={[MockFunction]}
    identifier="5542150612118159"
    inputId="filter-type"
    label="Type"
    options={
      Array [
        Object {
          "text": "Low Pass",
          "value": "lowpass",
        },
        Object {
          "text": "High Pass",
          "value": "highpass",
        },
        Object {
          "text": "Band Pass",
          "value": "bandpass",
        },
        Object {
          "text": "Low Shelf",
          "value": "lowshelf",
        },
        Object {
          "text": "High Shelf",
          "value": "highshelf",
        },
        Object {
          "text": "Notch",
          "value": "notch",
        },
        Object {
          "text": "All Pass",
          "value": "allpass",
        },
        Object {
          "text": "Peaking",
          "value": "peaking",
        },
      ]
    }
    propertyPathArray={
      Array [
        "filter",
        "type",
      ]
    }
    value="lowpass"
  />
</div>
`;
