// Jest Snapshot v1, https://goo.gl/fbAQLP

exports[`renders correctly 1`] = `
<div
  className="synth-interface__module-container"
>
  <h2
    className="synth-interface__module-heading"
  >
    Modulation
  </h2>
  <EnhancedRangeInput
    handleChange={[MockFunction]}
    identifier="5542150612118159"
    inputId="modulation-detune"
    label="Detune"
    max={100}
    min={-100}
    propertyPathArray={
      Array [
        "modulation",
        "detune",
      ]
    }
    step={1}
    value={0}
  />
  <EnhancedRangeInput
    handleChange={[MockFunction]}
    identifier="5542150612118159"
    inputId="modulation-phase"
    label="Phase"
    max={360}
    min={0}
    propertyPathArray={
      Array [
        "modulation",
        "phase",
      ]
    }
    step={1}
    value={0}
  />
  <EnhancedSelectInput
    handleChange={[MockFunction]}
    identifier="5542150612118159"
    inputId="modulation-type"
    label="Type"
    options={
      Array [
        Object {
          "text": "Sine",
          "value": "sine",
        },
        Object {
          "text": "Square",
          "value": "square",
        },
        Object {
          "text": "Triangle",
          "value": "triangle",
        },
        Object {
          "text": "Sawtooth",
          "value": "sawtooth",
        },
      ]
    }
    propertyPathArray={
      Array [
        "modulation",
        "type",
      ]
    }
    value="square"
  />
  <EnhancedRangeInput
    handleChange={[MockFunction]}
    identifier="5542150612118159"
    inputId="modulation-volume"
    label="Volume"
    max={20}
    min={-80}
    propertyPathArray={
      Array [
        "modulation",
        "volume",
      ]
    }
    step={1}
    value={0}
  />
</div>
`;
