// Jest Snapshot v1, https://goo.gl/fbAQLP

exports[`renders correctly 1`] = `
<div
  className="instrument-interface__module-container"
>
  <h2
    className="instrument-interface__module-heading"
  >
    Modulation
  </h2>
  <div
    className="instrument-interface__dial-row"
  >
    <Dial
      dataMax={100}
      dataMin={-100}
      dialRange={270}
      dialStartOffset={225}
      snapToSteps={true}
      stepSize={0.25}
      updateValueCallback={[Function]}
      value={0}
    >
      <Component />
    </Dial>
    <Dial
      dataMax={360}
      dataMin={0}
      dialRange={270}
      dialStartOffset={225}
      snapToSteps={true}
      stepSize={0.25}
      updateValueCallback={[Function]}
      value={0}
    >
      <Component />
    </Dial>
    <Dial
      dataMax={20}
      dataMin={-80}
      dialRange={270}
      dialStartOffset={225}
      snapToSteps={true}
      stepSize={0.25}
      updateValueCallback={[Function]}
      value={0}
    >
      <Component />
    </Dial>
  </div>
  <Switch
    handleChange={[Function]}
    optionsData={
      Array [
        Object {
          "id": "modulation-type-sine",
          "name": "modulation-type",
          "text": "Sine",
          "value": "sine",
        },
        Object {
          "id": "modulation-type-square",
          "name": "modulation-type",
          "text": "Square",
          "value": "square",
        },
        Object {
          "id": "modulation-type-triangle",
          "name": "modulation-type",
          "text": "Triangle",
          "value": "triangle",
        },
        Object {
          "id": "modulation-type-sawtooth",
          "name": "modulation-type",
          "text": "Sawtooth",
          "value": "sawtooth",
        },
      ]
    }
    rowDescription="Waveform"
    value="square"
  />
</div>
`;
