// Jest Snapshot v1, https://goo.gl/fbAQLP

exports[`renders correctly 1`] = `
<div
  className="instrument-interface__module-container"
>
  <h2
    className="instrument-interface__module-heading"
  >
    Modulation Envelope
  </h2>
  <ADSRDisplay
    attack={0.5}
    decay={0}
    id="modulation-envelope-adsr-display"
    release={0.5}
    sustain={1}
  />
  <div
    className="instrument-interface__dial-row"
  >
    <Dial
      dataMax={1}
      dataMin={0.005}
      dialRange={270}
      dialStartOffset={225}
      snapToSteps={true}
      stepSize={0.005}
      updateValueCallback={[Function]}
      value={0.5}
    >
      <Component />
    </Dial>
    <Dial
      dataMax={1}
      dataMin={0.005}
      dialRange={270}
      dialStartOffset={225}
      snapToSteps={true}
      stepSize={0.005}
      updateValueCallback={[Function]}
      value={0}
    >
      <Component />
    </Dial>
    <Dial
      dataMax={1}
      dataMin={0.005}
      dialRange={270}
      dialStartOffset={225}
      snapToSteps={true}
      stepSize={0.005}
      updateValueCallback={[Function]}
      value={0.5}
    >
      <Component />
    </Dial>
    <Dial
      dataMax={1}
      dataMin={0.005}
      dialRange={270}
      dialStartOffset={225}
      snapToSteps={true}
      stepSize={0.005}
      updateValueCallback={[Function]}
      value={1}
    >
      <Component />
    </Dial>
  </div>
</div>
`;
