// Jest Snapshot v1, https://goo.gl/fbAQLP

exports[`renders correctly 1`] = `
<div
  className="instrument-interface__module-container instrument-interface__module-container--horizontal
        "
>
  <h2
    className="instrument-interface__module-heading"
  >
    Oscillator
  </h2>
  <div
    className="instrument-interface__dial-row"
  >
    <Connect(Dial)
      dataMax={100}
      dataMin={-100}
      dialRange={270}
      dialStartOffset={225}
      snapToStep={true}
      stepSize={0.25}
      updateValueCallback={[Function]}
      value={0}
    >
      <Component />
    </Connect(Dial)>
    <Connect(Dial)
      dataMax={360}
      dataMin={0}
      dialRange={270}
      dialStartOffset={225}
      snapToStep={true}
      stepSize={0.25}
      updateValueCallback={[Function]}
      value={0}
    >
      <Component />
    </Connect(Dial)>
    <Connect(Dial)
      dataMax={20}
      dataMin={-80}
      dialRange={270}
      dialStartOffset={225}
      snapToStep={true}
      stepSize={0.25}
      updateValueCallback={[Function]}
      value={0}
    >
      <Component />
    </Connect(Dial)>
  </div>
  <OscillatorTypeSwitch
    handleChangeCallback={[Function]}
    value="triangle"
  />
</div>
`;
