// Jest Snapshot v1, https://goo.gl/fbAQLP

exports[`renders correctly 1`] = `
<Layer>
  <Rect
    fill="#252f48"
    height={300}
    shadowBlur={4}
    shadowColor="#252f48"
    shadowOffsetX={0}
    shadowOffsetY={0}
    width={24}
    x={716}
    y={0}
  />
  <Rect
    dragBoundFunc={[Function]}
    draggable={true}
    fill="#aa9c9c"
    height={100}
    onClick={[Function]}
    onDragMove={[Function]}
    onMouseDown={[Function]}
    width={14}
    x={721}
    y={10}
  />
  <Rect
    fill="#252f48"
    height={24}
    shadowBlur={4}
    shadowColor="#252f48"
    shadowOffsetX={0}
    shadowOffsetY={0}
    width={740}
    x={0}
    y={276}
  />
  <Rect
    dragBoundFunc={[Function]}
    draggable={true}
    fill="#aa9c9c"
    height={14}
    onClick={[Function]}
    onDragMove={[Function]}
    onMouseDown={[Function]}
    width={100}
    x={10}
    y={281}
  />
</Layer>
`;
