// Jest Snapshot v1, https://goo.gl/fbAQLP

exports[`renders correctly 1`] = `
<Layer
  onMouseDown={[MockFunction]}
  onMouseMove={[MockFunction]}
  onMouseUp={[MockFunction]}
>
  <Rect
    height={320}
    width={1200}
    x={0}
    y={0}
  />
  <Rect
    fill="#aa9c9c"
    height={70}
    key="0"
    onClick={[Function]}
    onDblClick={[Function]}
    sectionId="7009247242625234"
    stroke="#e0e0e0"
    strokeWidth={2}
    type="section"
    width={192}
    x={0}
    y={40}
  />
  <Rect
    cornerRadius={3}
    fill="#08b5d3"
    opacity={0.4}
  />
</Layer>
`;
