// Jest Snapshot v1, https://goo.gl/fbAQLP

exports[`renders correctly 1`] = `
<Layer
  onMouseDown={[MockFunction]}
  onMouseMove={[MockFunction]}
  onMouseUp={[MockFunction]}
  x={48}
  y={40}
>
  <Rect
    height={600}
    width={650}
    x={0}
    y={0}
  />
  <Rect
    _id="5675315161385905"
    fill="#ed90b9"
    height={16}
    key="5675315161385905"
    onClick={[Function]}
    pitch="D4"
    shadowBlur={4}
    shadowColor="#aa9c9c"
    shadowOffsetX={0}
    shadowOffsetY={0}
    stroke="#aa9c9c"
    strokeWidth={2}
    time="0:0:0"
    type="noteRect"
    width={144}
    x={0}
    y={912}
  />
  <Rect
    _id="0867355891830822"
    fill="#ed90b9"
    height={16}
    key="0867355891830822"
    onClick={[Function]}
    pitch="F4"
    shadowBlur={4}
    shadowColor="#aa9c9c"
    shadowOffsetX={0}
    shadowOffsetY={0}
    stroke="#aa9c9c"
    strokeWidth={2}
    time="0:0:0"
    type="noteRect"
    width={144}
    x={0}
    y={864}
  />
  <Rect
    _id="4358545451844674"
    fill="#ed90b9"
    height={16}
    key="4358545451844674"
    onClick={[Function]}
    pitch="A4"
    shadowBlur={4}
    shadowColor="#aa9c9c"
    shadowOffsetX={0}
    shadowOffsetY={0}
    stroke="#aa9c9c"
    strokeWidth={2}
    time="0:0:0"
    type="noteRect"
    width={144}
    x={0}
    y={800}
  />
  <Rect
    _id="9730238095311558"
    fill="#ed90b9"
    height={16}
    key="9730238095311558"
    onClick={[Function]}
    pitch="C4"
    shadowBlur={4}
    shadowColor="#aa9c9c"
    shadowOffsetX={0}
    shadowOffsetY={0}
    stroke="#aa9c9c"
    strokeWidth={2}
    time="0:1:2"
    type="noteRect"
    width={240}
    x={144}
    y={944}
  />
  <Rect
    _id="6565913234069669"
    fill="#ed90b9"
    height={16}
    key="6565913234069669"
    onClick={[Function]}
    pitch="E4"
    shadowBlur={4}
    shadowColor="#aa9c9c"
    shadowOffsetX={0}
    shadowOffsetY={0}
    stroke="#aa9c9c"
    strokeWidth={2}
    time="0:1:2"
    type="noteRect"
    width={240}
    x={144}
    y={880}
  />
  <Rect
    _id="6963004214787889"
    fill="#ed90b9"
    height={16}
    key="6963004214787889"
    onClick={[Function]}
    pitch="G4"
    shadowBlur={4}
    shadowColor="#aa9c9c"
    shadowOffsetX={0}
    shadowOffsetY={0}
    stroke="#aa9c9c"
    strokeWidth={2}
    time="0:1:2"
    type="noteRect"
    width={240}
    x={144}
    y={832}
  />
  <Rect
    _id="3960778105288814"
    fill="#ed90b9"
    height={16}
    key="3960778105288814"
    onClick={[Function]}
    pitch="A3"
    shadowBlur={4}
    shadowColor="#aa9c9c"
    shadowOffsetX={0}
    shadowOffsetY={0}
    stroke="#aa9c9c"
    strokeWidth={2}
    time="1:0:0"
    type="noteRect"
    width={144}
    x={384}
    y={992}
  />
  <Rect
    _id="5510520817714730"
    fill="#ed90b9"
    height={16}
    key="5510520817714730"
    onClick={[Function]}
    pitch="C4"
    shadowBlur={4}
    shadowColor="#aa9c9c"
    shadowOffsetX={0}
    shadowOffsetY={0}
    stroke="#aa9c9c"
    strokeWidth={2}
    time="1:0:0"
    type="noteRect"
    width={144}
    x={384}
    y={944}
  />
  <Rect
    _id="0820163710562363"
    fill="#ed90b9"
    height={16}
    key="0820163710562363"
    onClick={[Function]}
    pitch="E4"
    shadowBlur={4}
    shadowColor="#aa9c9c"
    shadowOffsetX={0}
    shadowOffsetY={0}
    stroke="#aa9c9c"
    strokeWidth={2}
    time="1:0:0"
    type="noteRect"
    width={144}
    x={384}
    y={880}
  />
  <Rect
    _id="7970239089395446"
    fill="#ed90b9"
    height={16}
    key="7970239089395446"
    onClick={[Function]}
    pitch="A#3"
    shadowBlur={4}
    shadowColor="#aa9c9c"
    shadowOffsetX={0}
    shadowOffsetY={0}
    stroke="#aa9c9c"
    strokeWidth={2}
    time="1:1:2"
    type="noteRect"
    width={240}
    x={528}
    y={976}
  />
  <Rect
    _id="5322941918243851"
    fill="#ed90b9"
    height={16}
    key="5322941918243851"
    onClick={[Function]}
    pitch="D4"
    shadowBlur={4}
    shadowColor="#aa9c9c"
    shadowOffsetX={0}
    shadowOffsetY={0}
    stroke="#aa9c9c"
    strokeWidth={2}
    time="1:1:2"
    type="noteRect"
    width={240}
    x={528}
    y={912}
  />
  <Rect
    _id="3869152627264943"
    fill="#ed90b9"
    height={16}
    key="3869152627264943"
    onClick={[Function]}
    pitch="F4"
    shadowBlur={4}
    shadowColor="#aa9c9c"
    shadowOffsetX={0}
    shadowOffsetY={0}
    stroke="#aa9c9c"
    strokeWidth={2}
    time="1:1:2"
    type="noteRect"
    width={240}
    x={528}
    y={864}
  />
  <Rect
    cornerRadius={3}
    fill="#08b5d3"
    opacity={0.4}
  />
</Layer>
`;
