// Jest Snapshot v1, https://goo.gl/fbAQLP

exports[`renders correctly 1`] = `
<Layer
  onClick={[Function]}
  onMouseUp={[Function]}
  x={48}
  y={466}
>
  <Line
    listening={false}
    points={
      Array [
        0,
        0,
        1536,
        0,
      ]
    }
    shadowBlur={4}
    shadowColor="#aa9c9c"
    shadowOffsetX={0}
    shadowOffsetY={0}
    stroke="#aa9c9c"
    strokeWidth={4}
  />
  <Rect
    fill="#14161c"
    height={110}
    width={1536}
    x={0}
    y={0}
  />
  <Rect
    fill="#aa9c9c"
    height={100}
    key="9730238095311558"
    width={8}
    x={144}
    y={10}
  />
  <Rect
    fill="#aa9c9c"
    height={100}
    key="6565913234069669"
    width={8}
    x={144}
    y={10}
  />
  <Rect
    fill="#aa9c9c"
    height={100}
    key="6963004214787889"
    width={8}
    x={144}
    y={10}
  />
  <Rect
    fill="#aa9c9c"
    height={100}
    key="3960778105288814"
    width={8}
    x={384}
    y={10}
  />
  <Rect
    fill="#aa9c9c"
    height={100}
    key="5510520817714730"
    width={8}
    x={384}
    y={10}
  />
  <Rect
    fill="#aa9c9c"
    height={100}
    key="0820163710562363"
    width={8}
    x={384}
    y={10}
  />
  <Rect
    fill="#aa9c9c"
    height={100}
    key="7970239089395446"
    width={8}
    x={528}
    y={10}
  />
  <Rect
    fill="#aa9c9c"
    height={100}
    key="5322941918243851"
    width={8}
    x={528}
    y={10}
  />
  <Rect
    fill="#aa9c9c"
    height={100}
    key="3869152627264943"
    width={8}
    x={528}
    y={10}
  />
  <Rect
    fill="#252f48"
    height={100}
    key="5675315161385905"
    width={8}
    x={0}
    y={10}
  />
  <Rect
    fill="#252f48"
    height={100}
    key="0867355891830822"
    width={8}
    x={0}
    y={10}
  />
  <Rect
    fill="#252f48"
    height={100}
    key="4358545451844674"
    width={8}
    x={0}
    y={10}
  />
</Layer>
`;
