// Jest Snapshot v1, https://goo.gl/fbAQLP

exports[`renders correctly 1`] = `
<div
  className="modal__overlay"
>
  <div
    className="modal__content-container"
  >
    <button
      className="button pink"
      onClick={[MockFunction]}
    >
      Close
    </button>
    <ul
      className="modal__list"
    >
      <li
        className="modal__list-item"
        key="0"
        onClick={[Function]}
      >
        Track one
      </li>
      <li
        className="modal__list-item"
        key="1"
        onClick={[Function]}
      >
        Track two
      </li>
    </ul>
  </div>
</div>
`;
