// Jest Snapshot v1, https://goo.gl/fbAQLP

exports[`container component renders correctly 1`] = `
<Transport
  bpm={120}
  editedBPM={120}
  enterBPMEditingMode={[Function]}
  enterLoadingState={[Function]}
  enterSavingState={[Function]}
  exitLoadingState={[Function]}
  exitSavingState={[Function]}
  handleBPMChange={[Function]}
  handleLoadState={[Function]}
  handleOpenMixer={[Function]}
  handleSaveState={[Function]}
  handleSkipToStart={[Function]}
  handleTransportBarClick={[Function]}
  inputRef={
    Object {
      "current": null,
    }
  }
  isEditingBPM={false}
  isLoading={false}
  isSaving={false}
  pauseTrack={[MockFunction]}
  playTrack={[MockFunction]}
  stopTrack={[MockFunction]}
  transportPosition="0:0:0"
/>
`;

exports[`presentational component renders correctly 1`] = `
<div
  className="transport__container"
  onClick={[MockFunction]}
>
  <button
    className="transport__button"
    onClick={[MockFunction]}
  >
    <PlayIcon />
  </button>
  <button
    className="transport__button"
    onClick={[MockFunction]}
  >
    <PauseIcon />
  </button>
  <button
    className="transport__button"
    onClick={[MockFunction]}
  >
    <StopIcon />
  </button>
  <button
    className="transport__button"
    onClick={[MockFunction]}
  >
    <BackIcon />
  </button>
  <div
    className="transport__track-position-container"
  >
    <p
      className="transport__track-position-text"
    >
      1:2:3
    </p>
  </div>
  <div
    className="transport__bpm-container"
  >
    <span
      className="transport__bpm-label"
    >
      BPM:
    </span>
    <p
      className="transport__bpm-text"
      onClick={[MockFunction]}
    >
      120
    </p>
  </div>
  <button
    className="transport__button"
    onClick={[MockFunction]}
  >
    <MixerIcon />
  </button>
  <button
    className="button pink"
    onClick={[MockFunction]}
  >
    Load
  </button>
  <button
    className="button pink"
    onClick={[MockFunction]}
  >
    Save
  </button>
</div>
`;
