// Jest Snapshot v1, https://goo.gl/fbAQLP

exports[`renders correctly 1`] = `
<div
  className="effect__container"
>
  <EffectHeader
    effectTitle="Compressor"
  />
  <div
    className="effect__settings-container"
  >
    <div
      className="effect__dial-row"
    >
      <Connect(Dial)
        dataMax={0.5}
        dataMin={0.001}
        dialRange={270}
        dialStartOffset={225}
        snapToStep={true}
        stepSize={0.001}
        updateValueCallback={[Function]}
        value={0.003}
      >
        <Component />
      </Connect(Dial)>
      <Connect(Dial)
        dataMax={55}
        dataMin={5}
        dialRange={270}
        dialStartOffset={225}
        snapToStep={true}
        stepSize={0.25}
        updateValueCallback={[Function]}
        value={30}
      >
        <Component />
      </Connect(Dial)>
      <Connect(Dial)
        dataMax={60}
        dataMin={1}
        dialRange={270}
        dialStartOffset={225}
        snapToStep={true}
        stepSize={0.25}
        updateValueCallback={[Function]}
        value={12}
      >
        <Component />
      </Connect(Dial)>
      <Connect(Dial)
        dataMax={0.5}
        dataMin={0.001}
        dialRange={270}
        dialStartOffset={225}
        snapToStep={true}
        stepSize={0.001}
        updateValueCallback={[Function]}
        value={0.25}
      >
        <Component />
      </Connect(Dial)>
      <Connect(Dial)
        dataMax={0}
        dataMin={-96}
        dialRange={270}
        dialStartOffset={225}
        snapToStep={true}
        stepSize={0.25}
        updateValueCallback={[Function]}
        value={-24}
      >
        <Component />
      </Connect(Dial)>
    </div>
  </div>
</div>
`;
