// Jest Snapshot v1, https://goo.gl/fbAQLP

exports[`renders correctly 1`] = `
<div
  className="effect__container"
>
  <EffectHeader
    effectTitle="Distortion"
  />
  <div
    className="effect__settings-container"
  >
    <EnhancedRangeInput
      handleChange={[MockFunction]}
      identifier="6156266754586526"
      inputId="distortion"
      label="Distortion"
      max={1}
      min={0}
      propertyPathArray={
        Array [
          "distortion",
        ]
      }
      step={0.005}
      value={0.4}
    />
    <EnhancedSelectInput
      handleChange={[MockFunction]}
      identifier="6156266754586526"
      inputId="oversample"
      label="Oversample"
      options={
        Array [
          Object {
            "text": "None",
            "value": "none",
          },
          Object {
            "text": "2x",
            "value": "2x",
          },
          Object {
            "text": "4x",
            "value": "4x",
          },
        ]
      }
      propertyPathArray={
        Array [
          "oversample",
        ]
      }
      value="none"
    />
    <EnhancedRangeInput
      handleChange={[MockFunction]}
      identifier="6156266754586526"
      inputId="wet"
      label="Wet"
      max={1}
      min={0}
      propertyPathArray={
        Array [
          "wet",
        ]
      }
      step={0.005}
      value={1}
    />
  </div>
</div>
`;
