// Jest Snapshot v1, https://goo.gl/fbAQLP

exports[`renders correctly 1`] = `
<div
  className="effect__container"
>
  <EffectHeader
    effectTitle="Limiter"
  />
  <div
    className="effect__settings-container"
  >
    <div
      className="effect__dial-row"
    >
      <Connect(Dial)
        dataMax={0}
        dataMin={-96}
        dialRange={270}
        dialStartOffset={225}
        snapToStep={true}
        stepSize={0.25}
        updateValueCallback={[Function]}
        value={-12}
      >
        <Component />
      </Connect(Dial)>
    </div>
  </div>
</div>
`;
