// Jest Snapshot v1, https://goo.gl/fbAQLP

exports[`renders correctly 1`] = `
<div
  className="effect__container"
>
  <EffectHeader
    effectTitle="Tremolo"
  />
  <div
    className="effect__settings-container"
  >
    <div
      className="effect__dial-row"
    >
      <Connect(Dial)
        dataMax={1}
        dataMin={0}
        dialRange={270}
        dialStartOffset={225}
        snapToStep={true}
        stepSize={0.005}
        updateValueCallback={[Function]}
        value={0.5}
      >
        <Component />
      </Connect(Dial)>
      <Connect(Dial)
        dataMax={20}
        dataMin={0.1}
        dialRange={270}
        dialStartOffset={225}
        snapToStep={true}
        stepSize={0.05}
        updateValueCallback={[Function]}
        value={10}
      >
        <Component />
      </Connect(Dial)>
      <Connect(Dial)
        dataMax={180}
        dataMin={0}
        dialRange={270}
        dialStartOffset={225}
        snapToStep={true}
        stepSize={0.5}
        updateValueCallback={[Function]}
        value={180}
      >
        <Component />
      </Connect(Dial)>
      <Connect(Dial)
        dataMax={1}
        dataMin={0}
        dialRange={270}
        dialStartOffset={225}
        snapToStep={true}
        stepSize={0.005}
        updateValueCallback={[Function]}
        value={1}
      >
        <Component />
      </Connect(Dial)>
    </div>
    <Switch
      handleChange={[Function]}
      optionsData={
        Array [
          Object {
            "id": "tremolo-type-sine",
            "name": "tremolo-wave-type",
            "text": "Sine",
            "value": "sine",
          },
          Object {
            "id": "tremolo-type-square",
            "name": "tremolo-wave-type",
            "text": "Square",
            "value": "square",
          },
          Object {
            "id": "tremolo-type-triangle",
            "name": "tremolo-wave-type",
            "text": "Triangle",
            "value": "triangle",
          },
          Object {
            "id": "tremolo-type-sawtooth",
            "name": "tremolo-wave-type",
            "text": "Sawtooth",
            "value": "sawtooth",
          },
        ]
      }
      rowDescription="Waveform"
      value="sine"
    />
  </div>
</div>
`;
