// Jest Snapshot v1, https://goo.gl/fbAQLP

exports[`renders correctly 1`] = `
<div>
  <h2
    className="track-details__heading"
  >
    Effects
  </h2>
  <EffectDetailItem
    effectId="3666421382061490"
    effectType="chorus"
    handleOpen={[MockFunction]}
    handleRemove={[MockFunction]}
    key="3666421382061490"
  />
  <div>
    <label
      className="track-details__effect-select-label"
      htmlFor="effect-select"
    >
      Add effect:
    </label>
    <select
      className="track-details__effect-select"
      id="effect-select"
      onChange={[MockFunction]}
      value="chorus"
    >
      <option
        className="track-details__effect-select-option"
        value="chorus"
      >
        Chorus
      </option>
      <option
        className="track-details__effect-select-option"
        value="compressor"
      >
        Compressor
      </option>
      <option
        className="track-details__effect-select-option"
        value="distortion"
      >
        Distortion
      </option>
      <option
        className="track-details__effect-select-option"
        value="eq3"
      >
        EQ3
      </option>
      <option
        className="track-details__effect-select-option"
        value="feedbackDelay"
      >
        Feedback Delay
      </option>
      <option
        className="track-details__effect-select-option"
        value="filter"
      >
        Filter
      </option>
      <option
        className="track-details__effect-select-option"
        value="freeverb"
      >
        Freeverb
      </option>
      <option
        className="track-details__effect-select-option"
        value="gate"
      >
        Gate
      </option>
      <option
        className="track-details__effect-select-option"
        value="jcReverb"
      >
        JC Reverb
      </option>
      <option
        className="track-details__effect-select-option"
        value="lfo"
      >
        LFO
      </option>
      <option
        className="track-details__effect-select-option"
        value="limiter"
      >
        Limiter
      </option>
      <option
        className="track-details__effect-select-option"
        value="phaser"
      >
        Phaser
      </option>
      <option
        className="track-details__effect-select-option"
        value="tremolo"
      >
        Tremolo
      </option>
      <option
        className="track-details__effect-select-option"
        value="vibrato"
      >
        Vibrato
      </option>
    </select>
    <button
      className="track-details__effect-button"
      onClick={[Function]}
    >
      Add
    </button>
  </div>
</div>
`;
